
> 9yards-kiosk@1.0.0 build:kiosk
> vite build --config vite.config.kiosk.ts && cp public/_redirects_kiosk dist-kiosk/_redirects

[36mvite v5.4.21 [32mbuilding for production...[36m[39m
transforming...
[32m✓[39m 2131 modules transformed.
rendering chunks...
computing gzip size...
[2mdist-kiosk/[22m[32mregisterSW.js                       [39m[1m[2m  0.13 kB[22m[1m[22m
[2mdist-kiosk/[22m[32mmanifest.webmanifest                [39m[1m[2m  0.40 kB[22m[1m[22m
[2mdist-kiosk/[22m[32mindex-kiosk.html                    [39m[1m[2m  2.46 kB[22m[1m[22m[2m │ gzip:  0.85 kB[22m
[2mdist-kiosk/[22m[35massets/index-kiosk-B8RumoJN.css     [39m[1m[2m104.54 kB[22m[1m[22m[2m │ gzip: 17.81 kB[22m
[2mdist-kiosk/[22m[36massets/KioskHeader-CWvZAaDo.js      [39m[1m[2m  0.80 kB[22m[1m[22m[2m │ gzip:  0.46 kB[22m
[2mdist-kiosk/[22m[36massets/useSound-C07AGsD5.js         [39m[1m[2m  1.84 kB[22m[1m[22m[2m │ gzip:  0.82 kB[22m
[2mdist-kiosk/[22m[36massets/Payment-bRrYBvIE.js          [39m[1m[2m  7.37 kB[22m[1m[22m[2m │ gzip:  2.46 kB[22m
[2mdist-kiosk/[22m[36massets/QueueDisplay-B9bzHcMG.js     [39m[1m[2m  7.72 kB[22m[1m[22m[2m │ gzip:  2.71 kB[22m
[2mdist-kiosk/[22m[36massets/ConfirmationNew-DmIMRMIZ.js  [39m[1m[2m 11.11 kB[22m[1m[22m[2m │ gzip:  3.76 kB[22m
[2mdist-kiosk/[22m[36massets/Welcome-BujS2mXj.js          [39m[1m[2m 13.04 kB[22m[1m[22m[2m │ gzip:  3.68 kB[22m
[2mdist-kiosk/[22m[36massets/MenuNew-pLMlTvGo.js          [39m[1m[2m 15.66 kB[22m[1m[22m[2m │ gzip:  5.19 kB[22m
[2mdist-kiosk/[22m[36massets/OrderLookup-D2n5gh3V.js      [39m[1m[2m 17.12 kB[22m[1m[22m[2m │ gzip:  4.79 kB[22m
[2mdist-kiosk/[22m[36massets/ComboBuilderNew-CI_oc3SX.js  [39m[1m[2m 33.24 kB[22m[1m[22m[2m │ gzip:  7.63 kB[22m
[2mdist-kiosk/[22m[36massets/vendor-query-C2B0c66x.js     [39m[1m[2m 39.86 kB[22m[1m[22m[2m │ gzip: 12.08 kB[22m
[2mdist-kiosk/[22m[36massets/CartNew-De0tg4Rr.js          [39m[1m[2m 50.45 kB[22m[1m[22m[2m │ gzip: 16.00 kB[22m
[2mdist-kiosk/[22m[36massets/Details-CTDuQwwe.js          [39m[1m[2m 64.18 kB[22m[1m[22m[2m │ gzip: 15.46 kB[22m
[2mdist-kiosk/[22m[36massets/index-kiosk-qrCSvOVP.js      [39m[1m[2m110.05 kB[22m[1m[22m[2m │ gzip: 33.06 kB[22m
[2mdist-kiosk/[22m[36massets/vendor-ui-CoiFQ12J.js        [39m[1m[2m134.26 kB[22m[1m[22m[2m │ gzip: 42.34 kB[22m
[2mdist-kiosk/[22m[36massets/vendor-react-DNcFlQJx.js     [39m[1m[2m160.11 kB[22m[1m[22m[2m │ gzip: 52.29 kB[22m
[2mdist-kiosk/[22m[36massets/vendor-supabase-B7VRHG6M.js  [39m[1m[2m170.96 kB[22m[1m[22m[2m │ gzip: 45.52 kB[22m
[32m✓ built in 7.98s[39m

✨ [vite-plugin-compression]:algorithm=gzip - compressed file successfully: 
dist-kiosk/C:/Users/Stuart/Desktop/9Yards/9yards-kiosk/assets/ComboBuilderNew-CI_oc3SX.js.gz   32.47kb / gzip: 7.41kb
dist-kiosk/C:/Users/Stuart/Desktop/9Yards/9yards-kiosk/assets/CartNew-De0tg4Rr.js.gz           49.27kb / gzip: 15.59kb
dist-kiosk/C:/Users/Stuart/Desktop/9Yards/9yards-kiosk/assets/ConfirmationNew-DmIMRMIZ.js.gz   10.85kb / gzip: 3.67kb
dist-kiosk/C:/Users/Stuart/Desktop/9Yards/9yards-kiosk/assets/MenuNew-pLMlTvGo.js.gz           15.29kb / gzip: 5.07kb
dist-kiosk/C:/Users/Stuart/Desktop/9Yards/9yards-kiosk/assets/OrderLookup-D2n5gh3V.js.gz       16.72kb / gzip: 4.67kb
dist-kiosk/C:/Users/Stuart/Desktop/9Yards/9yards-kiosk/assets/Payment-bRrYBvIE.js.gz           7.20kb / gzip: 2.40kb
dist-kiosk/C:/Users/Stuart/Desktop/9Yards/9yards-kiosk/assets/QueueDisplay-B9bzHcMG.js.gz      7.54kb / gzip: 2.65kb
dist-kiosk/C:/Users/Stuart/Desktop/9Yards/9yards-kiosk/assets/useSound-C07AGsD5.js.gz          1.79kb / gzip: 0.80kb
dist-kiosk/C:/Users/Stuart/Desktop/9Yards/9yards-kiosk/assets/Welcome-BujS2mXj.js.gz           12.74kb / gzip: 3.59kb
dist-kiosk/C:/Users/Stuart/Desktop/9Yards/9yards-kiosk/assets/vendor-query-C2B0c66x.js.gz      38.92kb / gzip: 11.78kb
dist-kiosk/C:/Users/Stuart/Desktop/9Yards/9yards-kiosk/manifest-dashboard.json.gz              1.56kb / gzip: 0.53kb
dist-kiosk/C:/Users/Stuart/Desktop/9Yards/9yards-kiosk/sw.js.gz                                9.42kb / gzip: 2.84kb
dist-kiosk/C:/Users/Stuart/Desktop/9Yards/9yards-kiosk/assets/index-kiosk-B8RumoJN.css.gz      102.09kb / gzip: 17.24kb
dist-kiosk/C:/Users/Stuart/Desktop/9Yards/9yards-kiosk/assets/index-kiosk-qrCSvOVP.js.gz       107.51kb / gzip: 32.21kb
dist-kiosk/C:/Users/Stuart/Desktop/9Yards/9yards-kiosk/assets/Details-CTDuQwwe.js.gz           62.68kb / gzip: 15.07kb
dist-kiosk/C:/Users/Stuart/Desktop/9Yards/9yards-kiosk/index-kiosk.html.gz                     2.40kb / gzip: 0.83kb
dist-kiosk/C:/Users/Stuart/Desktop/9Yards/9yards-kiosk/assets/vendor-ui-CoiFQ12J.js.gz         131.12kb / gzip: 41.23kb
dist-kiosk/C:/Users/Stuart/Desktop/9Yards/9yards-kiosk/assets/vendor-supabase-B7VRHG6M.js.gz   166.95kb / gzip: 44.33kb
dist-kiosk/C:/Users/Stuart/Desktop/9Yards/9yards-kiosk/assets/vendor-react-DNcFlQJx.js.gz      156.36kb / gzip: 51.00kb



PWA v1.2.0
mode      generateSW
precache  21 entries (922.81 KiB)
files generated
  dist-kiosk/sw.js
  dist-kiosk/workbox-8c29f6e4.js
